main.c:130:6:HAL_TIM_PeriodElapsedCallback	16	static
main.c:144:6:send_uart	24	static
main.c:151:5:bufsize	24	static
main.c:159:6:bufclear	16	static
main.c:173:5:main	56	static
main.c:378:6:SystemClock_Config	88	static
main.c:424:13:MX_ADC1_Init	24	static
main.c:474:13:MX_DAC_Init	16	static
main.c:512:13:MX_SPI1_Init	8	static
main.c:550:13:MX_TIM6_Init	16	static
main.c:588:13:MX_USART2_UART_Init	8	static
main.c:619:13:MX_DMA_Init	16	static
main.c:637:13:MX_GPIO_Init	48	static
main.c:689:6:HAL_ADC_ConvHalfCpltCallback	16	static,ignoring_inline_asm
main.c:694:6:HAL_ADC_ConvCpltCallback	16	static,ignoring_inline_asm
main.c:699:6:HAL_GPIO_EXTI_Callback	16	static
main.c:731:6:Error_Handler	4	static,ignoring_inline_asm
