main.c:98:6:send_uart	24	static
main.c:105:5:bufsize	24	static
main.c:113:6:bufclear	16	static
main.c:127:5:main	56	static
main.c:338:6:SystemClock_Config	88	static
main.c:384:13:MX_ADC1_Init	24	static
main.c:434:13:MX_DAC_Init	16	static
main.c:472:13:MX_SPI1_Init	8	static
main.c:510:13:MX_USART2_UART_Init	8	static
main.c:541:13:MX_DMA_Init	16	static
main.c:559:13:MX_GPIO_Init	48	static
main.c:607:6:HAL_ADC_ConvHalfCpltCallback	16	static,ignoring_inline_asm
main.c:612:6:HAL_ADC_ConvCpltCallback	16	static,ignoring_inline_asm
main.c:622:6:Error_Handler	4	static,ignoring_inline_asm
